bigint: Failed to load bindings, pure JS will be used (try npm run rebuild?)


######## EquiCurve e2e @ 2026-09-26T12:52:50.742Z network=localnet rpc=http://127.0.0.1:8899

=== [setup] Fund keypairs + localnet 6-dec quote stand-in mint
  • RPC http://127.0.0.1:8899 (localnet); app http://localhost:3011; app cluster label devnet
  creator: BQoEQo9jPSAYx9kZEaGsBGARcws8WPvuMewdtwfzft18
  trader: 3oTDwjdSjF9xQwYynCSa7fYgHYGumGuwL9hbfzTZh4a1
  partner: 2gBgZtNa78cAXocQsLM3zLyJuobW1oxQ12jiuyUuCw4T
  other: ABirgQjZEeFmyLzgesDy4jbKGFa1BGJGUxCY7U5HMfdB
  tx create 6-dec quote stand-in mint: 3s1TSTyVttCb4QUZYpgCrJzoXPbmMjac2J9XARjBX5MbNZZ4gsTDFota88SigmJSYeXR3g4cFpyFD6JXfWSD48XZ 
     https://explorer.solana.com/tx/3s1TSTyVttCb4QUZYpgCrJzoXPbmMjac2J9XARjBX5MbNZZ4gsTDFota88SigmJSYeXR3g4cFpyFD6JXfWSD48XZ?cluster=custom&customUrl=http%3A%2F%2F127.0.0.1%3A8899
  • OK: stand-in quote mint decimals = 6
  quote6Mint: Entdo3TrjdeCCVAMXHeNKBEfyuSnLVdeCKqeo7fdpUfh
  tx mint stand-in quote to test wallets: 5EhJmZc2TBtWDdmw3WVKfaWovo79wdYkCXpe8XYKJqSfWAtwJK1mtuRLRBoGSu5RygJPgVqjSF9mnwDUt4vvjnim 
     https://explorer.solana.com/tx/5EhJmZc2TBtWDdmw3WVKfaWovo79wdYkCXpe8XYKJqSfWAtwJK1mtuRLRBoGSu5RygJPgVqjSF9mnwDUt4vvjnim?cluster=custom&customUrl=http%3A%2F%2F127.0.0.1%3A8899
  → PASS

=== [S1] Create L1: SOL quote, open-spl, preset flat, seed none, creator fee 30%, LP lock 60%
  • metadata source: hosted
  • mode=config-and-pool txs=1 seedBuyAtoms=0
  pool: 6ETJ4A8z2o9wrQDCyNPfMf3ZKTfah9t6MAP65qB9BQb9
  baseMint: 7SvMQ9zDsDNfWcttib8a3KPKnM76kvSCcvbwjNakohZ7
  config: GpHiEFhoPUAD56WXMu6x2z8T8MpTAwdr95NLnmaCmMRQ
  tx create 1/1 (config + pool): qwyJfgWQjE91u1HmxSueoXD37BKpv6dbFN4KfX3PoZwMt1iMAUhVpMk5VExawgwbvj5zeY4ofWQvhY3qZRRyPMZ 
     https://explorer.solana.com/tx/qwyJfgWQjE91u1HmxSueoXD37BKpv6dbFN4KfX3PoZwMt1iMAUhVpMk5VExawgwbvj5zeY4ofWQvhY3qZRRyPMZ?cluster=custom&customUrl=http%3A%2F%2F127.0.0.1%3A8899
  • registry POST (creator-signed): listed
  → PASS

=== [S4] Verify L1 on-chain (pool, mint, config fields vs inputs)
  • OK: pool.creator = creator (BQoEQo9jPSAYx9kZEaGsBGARcws8WPvuMewdtwfzft18)
  • OK: pool.baseMint = planned mint
  • OK: pool.config = config keypair
  • OK: pool kind (discriminator) = standard
  • OK: config.quoteMint = So11111111111111111111111111111111111111112
  • OK: quote decimals = 9
  • OK: config.tokenDecimal = 9
  • OK: config.feeClaimer = partner (2gBgZtNa78cAXocQsLM3zLyJuobW1oxQ12jiuyUuCw4T)
  • OK: creatorTradingFeePercentage = 30 (input 30)
  • OK: partnerPermanentLockedLiquidityPercentage = 60 (input 60)
  • OK: partnerLiquidityPercentage = 40
  • OK: migrationOption = 1 (DAMM v2)
  • OK: migrationFeeOption = 2
  • OK: poolCreationFee = 1000000 lamports (0.001 SOL, not 1,000,000 SOL)
  • OK: migrationQuoteThreshold = 15390982211825 (built 15390982211825)
  • OK: sqrtStartPrice matches built curve
  • OK: curve points (2) match preset flat
  • OK: base fee cliffFeeNumerator = 20000000 (built 20000000)
  • OK: tokenType = 0
  • OK: mint owner program = TokenkegQfeZyiNwAJbNbGKPFXCWuBvf9Ss623VQ5DA
  • OK: mint decimals = 9
  • OK: mint authority renounced (null)
  • OK: mint supply = 1000000000000000000
  • OK: config account owned by DBC
  • OK: quoteReserve = 0 (no seed buy)
  • OK: curve phase = raising, progress 0
  → PASS

=== [S2] Create L2: SOL quote, token-2022, preset flat, seed 0.05, creator fee 50%, LP lock 100%
  • metadata source: hosted
  • mode=config-and-pool txs=2 seedBuyAtoms=50000000
  pool: 83RmhWssBy4tUf2rhSQfMZUqhVmKEh4TcwPXy8E3PmxG
  baseMint: DFkxrxbDAQEgtZ9ccH514p6WGwF4kVrjsgMFofgHRgn6
  config: 2c6hYm7oaFQJTQa2XKiEvtonwyhqk5k2NDoHM68JKu6K
  tx create 1/2 (config): 52MV8buoxXCsBZksjPkp7mtzUPSTkFZUrxf12ELBtbzEraTcKsFpmv3DYnMLLVHUeUpe4F4yNVB72Es7k964dQ2f 
     https://explorer.solana.com/tx/52MV8buoxXCsBZksjPkp7mtzUPSTkFZUrxf12ELBtbzEraTcKsFpmv3DYnMLLVHUeUpe4F4yNVB72Es7k964dQ2f?cluster=custom&customUrl=http%3A%2F%2F127.0.0.1%3A8899
  tx create 2/2 (pool + first buy): 53Rcqpv5ZxvH8p4Cxn2tDdGsXaPjdj9pBVf6yXXHhv8a6ejDHPjUCkG4Svn8pTkZB2vtB7V8eQTUK9omdo5LfgLe 
     https://explorer.solana.com/tx/53Rcqpv5ZxvH8p4Cxn2tDdGsXaPjdj9pBVf6yXXHhv8a6ejDHPjUCkG4Svn8pTkZB2vtB7V8eQTUK9omdo5LfgLe?cluster=custom&customUrl=http%3A%2F%2F127.0.0.1%3A8899
  • registry POST (creator-signed): listed
  → PASS

=== [S4] Verify L2 on-chain (pool, mint, config fields vs inputs)
  • OK: pool.creator = creator (BQoEQo9jPSAYx9kZEaGsBGARcws8WPvuMewdtwfzft18)
  • OK: pool.baseMint = planned mint
  • OK: pool.config = config keypair
  • OK: pool kind (discriminator) = standard
  • OK: config.quoteMint = So11111111111111111111111111111111111111112
  • OK: quote decimals = 9
  • OK: config.tokenDecimal = 9
  • OK: config.feeClaimer = partner (2gBgZtNa78cAXocQsLM3zLyJuobW1oxQ12jiuyUuCw4T)
  • OK: creatorTradingFeePercentage = 50 (input 50)
  • OK: partnerPermanentLockedLiquidityPercentage = 100 (input 100)
  • OK: partnerLiquidityPercentage = 0
  • OK: migrationOption = 1 (DAMM v2)
  • OK: migrationFeeOption = 2
  • OK: poolCreationFee = 1000000 lamports (0.001 SOL, not 1,000,000 SOL)
  • OK: migrationQuoteThreshold = 15390982211825 (built 15390982211825)
  • OK: sqrtStartPrice matches built curve
  • OK: curve points (2) match preset flat
  • OK: base fee cliffFeeNumerator = 20000000 (built 20000000)
  • OK: tokenType = 1
  • OK: mint owner program = TokenzQdBNbLqP5VEhdkAS6EPFLC1PHnBqCXEpPxuEb
  • OK: mint decimals = 9
  • OK: mint authority renounced (null)
  • OK: mint supply = 1000000000000000000
  • OK: config account owned by DBC
  • OK: seed buy delivered 9799.909700511 base to creator
  • OK: quoteReserve after seed = 49000000 (≤ seed 50000000, fee deducted)
  • OK: curve phase = raising, progress 0.000003
  → PASS

=== [S2] Create L3: USDC quote, open-spl, preset equity, seed 25.5, creator fee 40%, LP lock 80%
  • signMessage declined → local-only (user_rejected: You rejected the request in your wallet. Nothing was sent.)
  • metadata source: data-uri (No wallet signature — using inline data: URI metadata.)
  • mode=config-and-pool txs=2 seedBuyAtoms=25500000
  pool: GnBDYdi2uVkNAPzcLgu7kkXUiiSVMZke5AAgymhfNCTT
  baseMint: DmjmHwazf9vkDvJkkkvmMce4o5Fv3KhXCSZRaDx7fjB3
  config: 8JrEj8TfuysadbwHEK2TiVpYZ3pUK9QTYA1pku4MmJRK
  tx create 1/2 (config): 3oL7cLq5xjFhfnustKK1U1rHw2Z51ejXXkK2iriegKExZzgt2FXqXLG9on8XAVnzHB9EUERD9HuJTSmCnt6a1gPg 
     https://explorer.solana.com/tx/3oL7cLq5xjFhfnustKK1U1rHw2Z51ejXXkK2iriegKExZzgt2FXqXLG9on8XAVnzHB9EUERD9HuJTSmCnt6a1gPg?cluster=custom&customUrl=http%3A%2F%2F127.0.0.1%3A8899
  tx create 2/2 (pool + first buy): zKiU1kN9q5kRMxeW7AbSFbhSLKbtTCpcuP287qNuuwegpf3PiQm7RCZg1v8vHzdoiFsggwxwu9QJqtgDeAEvmSu 
     https://explorer.solana.com/tx/zKiU1kN9q5kRMxeW7AbSFbhSLKbtTCpcuP287qNuuwegpf3PiQm7RCZg1v8vHzdoiFsggwxwu9QJqtgDeAEvmSu?cluster=custom&customUrl=http%3A%2F%2F127.0.0.1%3A8899
  → PASS

=== [S4] Verify L3 on-chain (pool, mint, config fields vs inputs)
  • OK: pool.creator = creator (BQoEQo9jPSAYx9kZEaGsBGARcws8WPvuMewdtwfzft18)
  • OK: pool.baseMint = planned mint
  • OK: pool.config = config keypair
  • OK: pool kind (discriminator) = standard
  • OK: config.quoteMint = Entdo3TrjdeCCVAMXHeNKBEfyuSnLVdeCKqeo7fdpUfh
  • OK: quote decimals = 6
  • OK: config.tokenDecimal = 9
  • OK: config.feeClaimer = partner (2gBgZtNa78cAXocQsLM3zLyJuobW1oxQ12jiuyUuCw4T)
  • OK: creatorTradingFeePercentage = 40 (input 40)
  • OK: partnerPermanentLockedLiquidityPercentage = 80 (input 80)
  • OK: partnerLiquidityPercentage = 20
  • OK: migrationOption = 1 (DAMM v2)
  • OK: migrationFeeOption = 2
  • OK: poolCreationFee = 1000000 lamports (0.001 SOL, not 1,000,000 SOL)
  • OK: migrationQuoteThreshold = 30781964423 (built 30781964423)
  • OK: sqrtStartPrice matches built curve
  • OK: curve points (2) match preset equity
  • OK: base fee cliffFeeNumerator = 12000000 (built 12000000)
  • OK: tokenType = 0
  • OK: mint owner program = TokenkegQfeZyiNwAJbNbGKPFXCWuBvf9Ss623VQ5DA
  • OK: mint decimals = 9
  • OK: mint authority renounced (null)
  • OK: mint supply = 1000000000000000000
  • OK: config account owned by DBC
  • OK: seed buy delivered 2513485.883563611 base to creator
  • OK: seed buy spent exactly 25.5 quote (input 25.5)
  • OK: quoteReserve after seed = 25194000 (≤ seed 25500000, fee deducted)
  • OK: curve phase = raising, progress 0.000818
  → PASS

=== [S3] Token modes
  • Open SPL: L1, L3; Token-2022 (no hook): L2 (+ short pool SB later)
  • Transfer-hook: SKIPPED — no executable Token-2022 transfer-hook program is available on devnet for EquiCurve (Meteora requires the launcher to deploy its own; the app refuses to invent one).
  → SKIPPED

=== [S5] Registry authz via real API routes
  • OK: creator-signed POST listed L1 (ok)
  • OK: signed launch used hosted metadata (hosted)
  • OK: GET /api/launches has L1 with chain creator (BQoEQo9jPSAYx9kZEaGsBGARcws8WPvuMewdtwfzft18)
  • OK: L1 registry status from chain = new
  • OK: other wallet's signature → HTTP 403 (not_creator)
  • OK: spoofed status in POST payload → HTTP 400 (invalid_body)
  • PATCH with spoofed status → HTTP 400 invalid_body
  • OK: spoofed status ignored: registry status = new, dammPool = null
  • OK: declined signMessage → no registry POST attempted
  • OK: declined → inline data: URI metadata (data-uri)
  • OK: declined launch absent from shared registry (local-only)
  → PASS

=== [S6] DBC buy → sell on L1 (SOL, open-spl)
  tx buy 0.0234 SOL: 2U1deckY5Ffh3wDS7XmxMPyQBw33oNzWMkYKND2eYfiYKgHRfQrsKowKE9or4kkewqKiA9JU7oJjuvDuma1wggND 
     https://explorer.solana.com/tx/2U1deckY5Ffh3wDS7XmxMPyQBw33oNzWMkYKND2eYfiYKgHRfQrsKowKE9or4kkewqKiA9JU7oJjuvDuma1wggND?cluster=custom&customUrl=http%3A%2F%2F127.0.0.1%3A8899
  • buy 0.0234 SOL: in 0.0234 (inputDecimals 9) → quoted 4586.380057085, min 4540.516256514, actual 4586.380057085
  • OK: buy 0.0234 SOL: actual ≥ minimumAmountOut (slippage 100 bps)
  • OK: buy 0.0234 SOL: actual within 100 bps of quote (diff 0 bps)
  • OK: buy input uses QUOTE decimals (9)
  tx sell 2293.190028542 base: uuvp2x7ptjdDCURCBrqngsni1m8xynKjLX4kQuR5k4Mf9YwEfsLivedqSjr5PVhPYJPpXcpdeybffZEJewmRii1 
     https://explorer.solana.com/tx/uuvp2x7ptjdDCURCBrqngsni1m8xynKjLX4kQuR5k4Mf9YwEfsLivedqSjr5PVhPYJPpXcpdeybffZEJewmRii1?cluster=custom&customUrl=http%3A%2F%2F127.0.0.1%3A8899
  • sell 2293.190028542 base: in 2293.190028542 (inputDecimals 9) → quoted 0.011236703, min 0.011124335, actual 0.011236703
  • OK: sell 2293.190028542 base: actual ≥ minimumAmountOut (slippage 100 bps)
  • OK: sell 2293.190028542 base: actual within 100 bps of quote (diff 0 bps)
  • OK: sell input uses BASE decimals (9)
  • OK: sold exactly 2293190028542 base atoms (Δ -2293190028542)
  → PASS

=== [S6] DBC buy → sell on L2 (SOL, token-2022)
  tx buy 0.0234 SOL: 3HgS34QQvi1m7b511f2XwzZbzzoRiyXBePoEboRrHi8j2f9PJVjxgoF2LYsJtrEF8L6c1cb8BmkcYRxXvbDBsSM9 
     https://explorer.solana.com/tx/3HgS34QQvi1m7b511f2XwzZbzzoRiyXBePoEboRrHi8j2f9PJVjxgoF2LYsJtrEF8L6c1cb8BmkcYRxXvbDBsSM9?cluster=custom&customUrl=http%3A%2F%2F127.0.0.1%3A8899
  • buy 0.0234 SOL: in 0.0234 (inputDecimals 9) → quoted 4586.29615824, min 4540.433196657, actual 4586.29615824
  • OK: buy 0.0234 SOL: actual ≥ minimumAmountOut (slippage 100 bps)
  • OK: buy 0.0234 SOL: actual within 100 bps of quote (diff 0 bps)
  • OK: buy input uses QUOTE decimals (9)
  tx sell 2293.14807912 base: 45BCjSH6Ws6VXY7mLnLokpfZ8uGwyKX8A9oxmLmi1yqe1RrWo7B3tZBC9SVucYBLwWn94woVKVrA6QkyxtCoDZ8P 
     https://explorer.solana.com/tx/45BCjSH6Ws6VXY7mLnLokpfZ8uGwyKX8A9oxmLmi1yqe1RrWo7B3tZBC9SVucYBLwWn94woVKVrA6QkyxtCoDZ8P?cluster=custom&customUrl=http%3A%2F%2F127.0.0.1%3A8899
  • sell 2293.14807912 base: in 2293.14807912 (inputDecimals 9) → quoted 0.011236703, min 0.011124335, actual 0.011236703
  • OK: sell 2293.14807912 base: actual ≥ minimumAmountOut (slippage 100 bps)
  • OK: sell 2293.14807912 base: actual within 100 bps of quote (diff 0 bps)
  • OK: sell input uses BASE decimals (9)
  • OK: sold exactly 2293148079120 base atoms (Δ -2293148079120)
  → PASS

=== [S6] DBC buy → sell on L3 (USDC, open-spl)
  tx buy 12.345678 USDC: 23FWqdTF82cGa4wp9DfWd6xKQhgXoHX55MG53igpYe14KTkanEGZ5quHhWjHK8zuYULGb8H9Pu3n7mDr3vghyWEU 
     https://explorer.solana.com/tx/23FWqdTF82cGa4wp9DfWd6xKQhgXoHX55MG53igpYe14KTkanEGZ5quHhWjHK8zuYULGb8H9Pu3n7mDr3vghyWEU?cluster=custom&customUrl=http%3A%2F%2F127.0.0.1%3A8899
  • buy 12.345678 USDC: in 12.345678 (inputDecimals 6) → quoted 1212656.800010331, min 1200530.232010227, actual 1212656.800010331
  • OK: buy 12.345678 USDC: actual ≥ minimumAmountOut (slippage 100 bps)
  • OK: buy 12.345678 USDC: actual within 100 bps of quote (diff 0 bps)
  • OK: buy input uses QUOTE decimals (6)
  tx sell 606328.400005165 base: 59qw3NdAUPfa5YXaej5jJrwRyMqp8UtoZuzuVRXnxrNdg9gBRZ7HjS2GRVRuKxjGTMt3LDC5AUDRmKxbepABwPY2 
     https://explorer.solana.com/tx/59qw3NdAUPfa5YXaej5jJrwRyMqp8UtoZuzuVRXnxrNdg9gBRZ7HjS2GRVRuKxjGTMt3LDC5AUDRmKxbepABwPY2?cluster=custom&customUrl=http%3A%2F%2F127.0.0.1%3A8899
  • sell 606328.400005165 base: in 606328.400005165 (inputDecimals 9) → quoted 6.028984, min 5.968694, actual 6.028984
  • OK: sell 606328.400005165 base: actual ≥ minimumAmountOut (slippage 100 bps)
  • OK: sell 606328.400005165 base: actual within 100 bps of quote (diff 0 bps)
  • OK: sell input uses BASE decimals (9)
  • OK: sold exactly 606328400005165 base atoms (Δ -606328400005165)
  → PASS

=== [S7] Fee claims on L1 (SOL): creator, partner, wrong wallet
  • unclaimed before: creator quote 167357, partner quote 390500
  • OK: other wallet as creator: refused (Connected wallet is not this pool's creator. Creator is BQoE…ft18.)
  • OK: creator wallet as partner: refused (Connected wallet is not this pool's partner feeClaimer. feeClaimer is 2gBg…Cw4T.)
  • OK: program refuses non-feeClaimer partner claim (sim err {"InstructionError":[2,{"Custom":6053}]}; mapped: This wallet is not authorized for this action.)
  tx claimCreatorTradingFee (creator): 3xyhd9BELAnm6pAZVvc37N2ybdqv5kZH5yjr3NRkQQLrDWYv678S1doWRxhuTcWmuwqibbGSPL6H5smBnKsqftWN 
     https://explorer.solana.com/tx/3xyhd9BELAnm6pAZVvc37N2ybdqv5kZH5yjr3NRkQQLrDWYv678S1doWRxhuTcWmuwqibbGSPL6H5smBnKsqftWN?cluster=custom&customUrl=http%3A%2F%2F127.0.0.1%3A8899
  • OK: creator received 167357 quote atoms = unclaimed 167357
  tx claimPartnerTradingFee (partner feeClaimer): 4Xbxk9gdHRExQAKPH5ZFDqGeCRZZrDrtUe5X4bmaebQx68WaPyggF58P9ywyRf1QDjMRoXVJwTb1Nfmomggfq5VX 
     https://explorer.solana.com/tx/4Xbxk9gdHRExQAKPH5ZFDqGeCRZZrDrtUe5X4bmaebQx68WaPyggF58P9ywyRf1QDjMRoXVJwTb1Nfmomggfq5VX?cluster=custom&customUrl=http%3A%2F%2F127.0.0.1%3A8899
  • OK: partner received 390500 quote atoms = unclaimed 390500
  • OK: unclaimed after: creator 0, partner 0
  → PASS

=== [S7] Fee claims on L3 (USDC): creator, partner, wrong wallet
  • unclaimed before: creator quote 168766, partner quote 253150
  • OK: other wallet as creator: refused (Connected wallet is not this pool's creator. Creator is BQoE…ft18.)
  • OK: creator wallet as partner: refused (Connected wallet is not this pool's partner feeClaimer. feeClaimer is 2gBg…Cw4T.)
  • OK: program refuses non-feeClaimer partner claim (sim err {"InstructionError":[1,{"Custom":6053}]}; mapped: This wallet is not authorized for this action.)
  tx claimCreatorTradingFee (creator): 2wuCbkhreJNRtxdDSF2BXy8VJFVU8NVw65gb6mfpfTBGoKvHqsdRrx2D3yERyEJq1WU1BJZrTxbMoutGFHdKuuzG 
     https://explorer.solana.com/tx/2wuCbkhreJNRtxdDSF2BXy8VJFVU8NVw65gb6mfpfTBGoKvHqsdRrx2D3yERyEJq1WU1BJZrTxbMoutGFHdKuuzG?cluster=custom&customUrl=http%3A%2F%2F127.0.0.1%3A8899
  • OK: creator received 168766 quote atoms = unclaimed 168766
  tx claimPartnerTradingFee (partner feeClaimer): 3BMTBvY5dHh3HEyjrjMoz613Ft6LSWXfTrhisULzDtVjr5BZ1a8Ni5LQ1SXWNmwn8CjG5T3uWLmRTxmAdHD3HqPj 
     https://explorer.solana.com/tx/3BMTBvY5dHh3HEyjrjMoz613Ft6LSWXfTrhisULzDtVjr5BZ1a8Ni5LQ1SXWNmwn8CjG5T3uWLmRTxmAdHD3HqPj?cluster=custom&customUrl=http%3A%2F%2F127.0.0.1%3A8899
  • OK: partner received 253150 quote atoms = unclaimed 253150
  • OK: unclaimed after: creator 0, partner 0
  → PASS

=== [S8] Short-raise SA (open-spl, 6-dec stand-in quote, base < quote): create → buy to completion → migrate
  • metadata source: hosted
  • mode=config-and-pool txs=1 seedBuyAtoms=0
  pool: EypWwp49GWHJLDNoiJZxkGt92rXa6h48T9GvHW4dUPUu
  baseMint: 2uaozstf8RmbJvuwV3urYMZSo9t1pB1K52xSDVzKiWzq
  config: GcdqyUW9quF8S5djc2vhWX32FyHByzhxHQWPNgcuRKGW
  tx create 1/1 (config + pool): 3VBfvpaSh321VUCVDWzYCAEwEjXaYVPvu7TgJZGmiegGANyXWJnUM2c2TZZd892RvQL6KbhUt48Cn3hzxXcU8Cfy 
     https://explorer.solana.com/tx/3VBfvpaSh321VUCVDWzYCAEwEjXaYVPvu7TgJZGmiegGANyXWJnUM2c2TZZd892RvQL6KbhUt48Cn3hzxXcU8Cfy?cluster=custom&customUrl=http%3A%2F%2F127.0.0.1%3A8899
  • registry POST (creator-signed): listed
  • migrationQuoteThreshold = 772.542485 quote
  • OK: before buys: graduation view = not_eligible (Not eligible yet)

=== [S6] Slippage exceeded (SA, stand-in quote): preflight rejection → mapped error
  tx price-moving buy (other wallet): 49QSuJE2U818fa2WMsDGL7DzjLKJ1NZqTD77ncY1dv2xiHwrUX3bCra1LxukDEm9iwm5qN9PixRE8PtnM1r4bNNw 
     https://explorer.solana.com/tx/49QSuJE2U818fa2WMsDGL7DzjLKJ1NZqTD77ncY1dv2xiHwrUX3bCra1LxukDEm9iwm5qN9PixRE8PtnM1r4bNNw?cluster=custom&customUrl=http%3A%2F%2F127.0.0.1%3A8899
  • surfaced as failure: code=SDK kind=slippage message="Price moved beyond your slippage tolerance. Re-quote and try again, or raise slippage."
  • OK: mapped to slippage error (kind=slippage)
  • OK: rejected at preflight — nothing submitted
  → PASS

=== [S6/S10] Slippage exceeded (SA) with preflight bypassed: tx lands and fails → TX_FAILED, never success
  tx price-moving buy (other wallet): 4sQVrU8HJyPHn8Wj55WmcGZ2QFWHjpncoFv49fJUAdww7Z27zon6nvMgKrmUXSovmJJiNPpBkJMqaz8DfA71NaYT 
     https://explorer.solana.com/tx/4sQVrU8HJyPHn8Wj55WmcGZ2QFWHjpncoFv49fJUAdww7Z27zon6nvMgKrmUXSovmJJiNPpBkJMqaz8DfA71NaYT?cluster=custom&customUrl=http%3A%2F%2F127.0.0.1%3A8899
  • surfaced as failure: code=TX_FAILED kind=slippage message="Price moved beyond your slippage tolerance. Re-quote and try again, or raise slippage."
  • OK: mapped to slippage error (kind=slippage)
  • OK: tx was submitted and landed (preflight bypassed)
  • OK: on-chain meta.err = {"InstructionError":[1,{"Custom":6002}]}
  • OK: send.ts reports TX_FAILED, not success
  tx stale 1-bps buy (landed, failed): 5CTsokRuzWQneMiHjtKeV8mdRfLfFbYsN9vJpm54X6WRrWKmtpAh9WgtvBKx7prdeUSMjeTYA4Eh7GdKuqvXd7Gm (FAILED ON-CHAIN, expected)
     https://explorer.solana.com/tx/5CTsokRuzWQneMiHjtKeV8mdRfLfFbYsN9vJpm54X6WRrWKmtpAh9WgtvBKx7prdeUSMjeTYA4Eh7GdKuqvXd7Gm?cluster=custom&customUrl=http%3A%2F%2F127.0.0.1%3A8899
  → PASS
  tx buy 300 (reserve 49.25/772.542485): 3D1aacaUGGTeGNUyE4ACTrNnYjpn5YVMFe4nWwSbDUUz7rb4cgsTX1eiLCiZbTMgHSH2C72CkZhiN75pKj8Uz83c 
     https://explorer.solana.com/tx/3D1aacaUGGTeGNUyE4ACTrNnYjpn5YVMFe4nWwSbDUUz7rb4cgsTX1eiLCiZbTMgHSH2C72CkZhiN75pKj8Uz83c?cluster=custom&customUrl=http%3A%2F%2F127.0.0.1%3A8899
  • buy 300 (reserve 49.25/772.542485): in 300 (inputDecimals 6) → quoted 353071927.307633896, min 346010488.761481218, actual 353071927.307633896
  • OK: buy 300 (reserve 49.25/772.542485): actual ≥ minimumAmountOut (slippage 200 bps)
  • OK: buy 300 (reserve 49.25/772.542485): actual within 200 bps of quote (diff 0 bps)
  • OK: buy input uses QUOTE decimals (6)
  tx buy 300 (reserve 344.75/772.542485): 5DfLt6Tunmz6QqH5FvL8LxP92qapwKC9Sm2sCPLmaGt4E9VCXTMx4Wm6UubatqgpsZYqZG4Tts3pQ5Qyf7CBH9Bd 
     https://explorer.solana.com/tx/5DfLt6Tunmz6QqH5FvL8LxP92qapwKC9Sm2sCPLmaGt4E9VCXTMx4Wm6UubatqgpsZYqZG4Tts3pQ5Qyf7CBH9Bd?cluster=custom&customUrl=http%3A%2F%2F127.0.0.1%3A8899
  • buy 300 (reserve 344.75/772.542485): in 300 (inputDecimals 6) → quoted 188152541.532386658, min 184389490.701738924, actual 188152541.532386658
  • OK: buy 300 (reserve 344.75/772.542485): actual ≥ minimumAmountOut (slippage 200 bps)
  • OK: buy 300 (reserve 344.75/772.542485): actual within 200 bps of quote (diff 0 bps)
  • OK: buy input uses QUOTE decimals (6)
  • buy 134938335 atoms failed: Insufficient Liquidity — retrying smaller/larger
  tx buy 134.263643 (reserve 640.25/772.542485): 3FcXhM7DTnyVY1RS9hWgKwBMTjhRcoDUCAWdwbi1VXA6roJBJJVXCawGNWHvfDRMmHQL7qXciNsYyeUYman1L8Mr 
     https://explorer.solana.com/tx/3FcXhM7DTnyVY1RS9hWgKwBMTjhRcoDUCAWdwbi1VXA6roJBJJVXCawGNWHvfDRMmHQL7qXciNsYyeUYman1L8Mr?cluster=custom&customUrl=http%3A%2F%2F127.0.0.1%3A8899
  • buy 134.263643 (reserve 640.25/772.542485): in 134.263643 (inputDecimals 6) → quoted 58432756.312725911, min 57264101.186471392, actual 58432756.312725911
  • OK: buy 134.263643 (reserve 640.25/772.542485): actual ≥ minimumAmountOut (slippage 200 bps)
  • OK: buy 134.263643 (reserve 640.25/772.542485): actual within 200 bps of quote (diff 0 bps)
  • OK: buy input uses QUOTE decimals (6)
  • buy 43653 atoms failed: Insufficient Liquidity — retrying smaller/larger
  tx buy 0.043434 (reserve 772.499688/772.542485): 5wJAfo2etuDZKUZZq2LM5g8WE36CHNicRqHDpEFYpwd34N9goy9Qc2GZooDRv7qxgYscc4xXw3TkYDb8fWFPW2un 
     https://explorer.solana.com/tx/5wJAfo2etuDZKUZZq2LM5g8WE36CHNicRqHDpEFYpwd34N9goy9Qc2GZooDRv7qxgYscc4xXw3TkYDb8fWFPW2un?cluster=custom&customUrl=http%3A%2F%2F127.0.0.1%3A8899
  • buy 0.043434 (reserve 772.499688/772.542485): in 0.043434 (inputDecimals 6) → quoted 17113.324242531, min 16771.05775768, actual 17113.324242531
  • OK: buy 0.043434 (reserve 772.499688/772.542485): actual ≥ minimumAmountOut (slippage 200 bps)
  • OK: buy 0.043434 (reserve 772.499688/772.542485): actual within 200 bps of quote (diff 0 bps)
  • OK: buy input uses QUOTE decimals (6)
  tx buy 0.000016 (reserve 772.54247/772.542485): 4SqaAAKVXs5gfTUT5tRr84ScfE66yxHvJR2JfBCNuHCajvfnPtKUybxa7j6UYryCNXUXWfMU4FwSvs3YghDcDHMr 
     https://explorer.solana.com/tx/4SqaAAKVXs5gfTUT5tRr84ScfE66yxHvJR2JfBCNuHCajvfnPtKUybxa7j6UYryCNXUXWfMU4FwSvs3YghDcDHMr?cluster=custom&customUrl=http%3A%2F%2F127.0.0.1%3A8899
  • buy 0.000016 (reserve 772.54247/772.542485): in 0.000016 (inputDecimals 6) → quoted 5.999999614, min 5.879999621, actual 5.999999614
  • OK: buy 0.000016 (reserve 772.54247/772.542485): actual ≥ minimumAmountOut (slippage 200 bps)
  • OK: buy 0.000016 (reserve 772.54247/772.542485): actual within 200 bps of quote (diff 0 bps)
  • OK: buy input uses QUOTE decimals (6)
  • OK: curve phase after buys = complete (reserve 772542485 ≥ 772542485, migrationProgress 2)
  • OK: eligibility check → eligible (Eligible to migrate)
  expectedDammConfig: Hv8Lmzmnju6m7kcokVKvwqz7QPmdX9XfKjJsXz8RXcjp
  expectedDammPool: GAGp62EbJ7MPUcMw7LFQT7exQL9PX78HdF156N8u8JvV
  tx migrateToDammV2: 37H5qpdGB2XDee1X84BFPm4VG9621WQMe9PnzoQqQw9LCMTRHiXyEr44z6TG9rTM5EmBHepDKWFQY1RZytRMEyPe 
     https://explorer.solana.com/tx/37H5qpdGB2XDee1X84BFPm4VG9621WQMe9PnzoQqQw9LCMTRHiXyEr44z6TG9rTM5EmBHepDKWFQY1RZytRMEyPe?cluster=custom&customUrl=http%3A%2F%2F127.0.0.1%3A8899
  • graduation states: Preparing migration → submitted → confirmed → destination_verified
  • OK: states went submitted → confirmed → destination_verified
  • OK: migrated DAMM v2 pool = expected (GAGp62EbJ7MPUcMw7LFQT7exQL9PX78HdF156N8u8JvV)
  • OK: DBC pool isMigrated=true, phase migrated
  • OK: registry refresh → status graduated, dammPool GAGp62EbJ7MPUcMw7LFQT7exQL9PX78HdF156N8u8JvV
  → PASS

=== [S8] Short-raise SB (token-2022, 6-dec stand-in quote, base > quote): create → buy to completion → migrate
  • metadata source: hosted
  • mode=config-and-pool txs=1 seedBuyAtoms=0
  pool: 3nv8jBWuHD6KFqXuZvQhNyqHbyphqTMHcoQzQJTiFdxm
  baseMint: F8CxsmMMVPeCK89R7Q925JNn9bEgFPmpDb6eBr4nzwHT
  config: DkXPpwG5JmTiTLCLjt9XQtrkodSWbgUWhNArHLEzjEe7
  tx create 1/1 (config + pool): 4FXrwCwsnc8PfnCY3AqWsR3kfKMSKhmmrG9QahLC4Ndg24ePgMMmLV2QwqT6DE2tpJKAXqyCr324enKBC5QcRFhi 
     https://explorer.solana.com/tx/4FXrwCwsnc8PfnCY3AqWsR3kfKMSKhmmrG9QahLC4Ndg24ePgMMmLV2QwqT6DE2tpJKAXqyCr324enKBC5QcRFhi?cluster=custom&customUrl=http%3A%2F%2F127.0.0.1%3A8899
  • registry POST (creator-signed): listed
  • migrationQuoteThreshold = 772.542485 quote
  • OK: before buys: graduation view = not_eligible (Not eligible yet)
  tx buy 300 (reserve 0/772.542485): 5U8YccsGF6JUqmx8ghq1dB37r2xxDWJ6Lpmt6rPhTtkfRkm97keTrgWNJxHUPZNCYn2iYsEssKx7Wd4WBcDMcVvX 
     https://explorer.solana.com/tx/5U8YccsGF6JUqmx8ghq1dB37r2xxDWJ6Lpmt6rPhTtkfRkm97keTrgWNJxHUPZNCYn2iYsEssKx7Wd4WBcDMcVvX?cluster=custom&customUrl=http%3A%2F%2F127.0.0.1%3A8899
  • buy 300 (reserve 0/772.542485): in 300 (inputDecimals 6) → quoted 401272642.898496017, min 393247190.040526096, actual 401272642.898496017
  • OK: buy 300 (reserve 0/772.542485): actual ≥ minimumAmountOut (slippage 200 bps)
  • OK: buy 300 (reserve 0/772.542485): actual within 200 bps of quote (diff 0 bps)
  • OK: buy input uses QUOTE decimals (6)
  tx buy 300 (reserve 295.5/772.542485): 2eHqSCq6D796UBUdccyLzJCt2My56eGkah1aBmYgjBsXgjzFJYxu7sssokZcY4LQCscfGoApnDuoCZPGsEaowDcw 
     https://explorer.solana.com/tx/2eHqSCq6D796UBUdccyLzJCt2My56eGkah1aBmYgjBsXgjzFJYxu7sssokZcY4LQCscfGoApnDuoCZPGsEaowDcw?cluster=custom&customUrl=http%3A%2F%2F127.0.0.1%3A8899
  • buy 300 (reserve 295.5/772.542485): in 300 (inputDecimals 6) → quoted 206247440.224889864, min 202122491.420392066, actual 206247440.224889864
  • OK: buy 300 (reserve 295.5/772.542485): actual ≥ minimumAmountOut (slippage 200 bps)
  • OK: buy 300 (reserve 295.5/772.542485): actual within 200 bps of quote (diff 0 bps)
  • OK: buy input uses QUOTE decimals (6)
  • buy 185173335 atoms failed: Insufficient Liquidity — retrying smaller/larger
  tx buy 184.247468 (reserve 591/772.542485): 4vyXfbwfze3dd3XB1NF5sXHZ7ePKoki2CL9Uc6ZvpxSyKkeqMsBhcgSTu8fsJFydynHn14v1ruDbEwm6tncGj5rx 
     https://explorer.solana.com/tx/4vyXfbwfze3dd3XB1NF5sXHZ7ePKoki2CL9Uc6ZvpxSyKkeqMsBhcgSTu8fsJFydynHn14v1ruDbEwm6tncGj5rx?cluster=custom&customUrl=http%3A%2F%2F127.0.0.1%3A8899
  • buy 184.247468 (reserve 591/772.542485): in 184.247468 (inputDecimals 6) → quoted 83434773.188976212, min 81766077.725196687, actual 83434773.188976212
  • OK: buy 184.247468 (reserve 591/772.542485): actual ≥ minimumAmountOut (slippage 200 bps)
  • OK: buy 184.247468 (reserve 591/772.542485): actual within 200 bps of quote (diff 0 bps)
  • OK: buy input uses QUOTE decimals (6)
  • buy 59905 atoms failed: Insufficient Liquidity — retrying smaller/larger
  tx buy 0.059605 (reserve 772.483755/772.542485): ynwoUJNNf4UWotX1g3znGuPLezLKJxgZSEYoFnCUHT8bpXnpT2yVXHcF5R4PKmkDjKs3mCTvxf8B67DcJagsTMu 
     https://explorer.solana.com/tx/ynwoUJNNf4UWotX1g3znGuPLezLKJxgZSEYoFnCUHT8bpXnpT2yVXHcF5R4PKmkDjKs3mCTvxf8B67DcJagsTMu?cluster=custom&customUrl=http%3A%2F%2F127.0.0.1%3A8899
  • buy 0.059605 (reserve 772.483755/772.542485): in 0.059605 (inputDecimals 6) → quoted 23484.987257804, min 23015.287512647, actual 23484.987257804
  • OK: buy 0.059605 (reserve 772.483755/772.542485): actual ≥ minimumAmountOut (slippage 200 bps)
  • OK: buy 0.059605 (reserve 772.483755/772.542485): actual within 200 bps of quote (diff 0 bps)
  • OK: buy input uses QUOTE decimals (6)
  tx buy 0.000021 (reserve 772.542465/772.542485): 3c9w5EByQDkrnajiJkvmXi6JJygmwJMgKRBFrXG8YZc3vfwRbhgAGwVsZvdP2Cwgghk4gmrfiSjeN9XAr14FqBSz 
     https://explorer.solana.com/tx/3c9w5EByQDkrnajiJkvmXi6JJygmwJMgKRBFrXG8YZc3vfwRbhgAGwVsZvdP2Cwgghk4gmrfiSjeN9XAr14FqBSz?cluster=custom&customUrl=http%3A%2F%2F127.0.0.1%3A8899
  • buy 0.000021 (reserve 772.542465/772.542485): in 0.000021 (inputDecimals 6) → quoted 7.999999716, min 7.839999721, actual 7.999999716
  • OK: buy 0.000021 (reserve 772.542465/772.542485): actual ≥ minimumAmountOut (slippage 200 bps)
  • OK: buy 0.000021 (reserve 772.542465/772.542485): actual within 200 bps of quote (diff 0 bps)
  • OK: buy input uses QUOTE decimals (6)
  • OK: curve phase after buys = complete (reserve 772542485 ≥ 772542485, migrationProgress 2)
  • OK: eligibility check → eligible (Eligible to migrate)
  expectedDammConfig: Hv8Lmzmnju6m7kcokVKvwqz7QPmdX9XfKjJsXz8RXcjp
  expectedDammPool: Gj3eRhvm7k6AYyqitgrsiaQkiMsyEq64LjjUWae2gfu2
  tx migrateToDammV2: 3ztadic3baesz8rnbJoRYevFNLUh2kzsRe82jKKFJXfrmq8unVaBkQ9aFgUvBvsTxbdWvjoS89DU3v2dzUkj2qV2 
     https://explorer.solana.com/tx/3ztadic3baesz8rnbJoRYevFNLUh2kzsRe82jKKFJXfrmq8unVaBkQ9aFgUvBvsTxbdWvjoS89DU3v2dzUkj2qV2?cluster=custom&customUrl=http%3A%2F%2F127.0.0.1%3A8899
  • graduation states: Preparing migration → submitted → confirmed → destination_verified
  • OK: states went submitted → confirmed → destination_verified
  • OK: migrated DAMM v2 pool = expected (Gj3eRhvm7k6AYyqitgrsiaQkiMsyEq64LjjUWae2gfu2)
  • OK: DBC pool isMigrated=true, phase migrated
  • OK: registry refresh → status graduated, dammPool Gj3eRhvm7k6AYyqitgrsiaQkiMsyEq64LjjUWae2gfu2
  → PASS

=== [S9] DAMM v2 on SA (open-spl base): resolve, quote + swap both directions, position fee claim
  • OK: resolveDammPoolAddress → GAGp62EbJ7MPUcMw7LFQT7exQL9PX78HdF156N8u8JvV exists=true (derived)
  • mint sort: base < quote; pool tokenA=base (9 dec), tokenB=quote (6 dec)
  tokenA: 2uaozstf8RmbJvuwV3urYMZSo9t1pB1K52xSDVzKiWzq
  tokenB: Entdo3TrjdeCCVAMXHeNKBEfyuSnLVdeCKqeo7fdpUfh
  • OK: quote_to_base quote: amountOut 6018221160863377 > minimumAmountOut 5958038949254743 (expected vs min are distinct)
  • OK: quote_to_base: min = amountOut × (1 − 1%) = 5958038949254743 (slippage applied as 100 bps)
  • OK: quote_to_base: input mint is quote; inputDecimals 6
  tx DAMM swap quote_to_base 15.5: 37JvxgECKmkyWjX4U1sFqkB1U19coMxqRURaMThq3vMKKyif2gMJSUfWVbARGFzrBFBrbCvdUJUiFRpSNypgchot 
     https://explorer.solana.com/tx/37JvxgECKmkyWjX4U1sFqkB1U19coMxqRURaMThq3vMKKyif2gMJSUfWVbARGFzrBFBrbCvdUJUiFRpSNypgchot?cluster=custom&customUrl=http%3A%2F%2F127.0.0.1%3A8899
  • quote_to_base: in 15.5 → out 6018221.160863377 (quoted 6018221.160863377, min 5958038.949254743)
  • OK: quote_to_base: spent exactly amountIn 15500000
  • OK: quote_to_base: received ≥ minimumAmountOut
  • OK: quote_to_base: received within 1% of quoted amountOut (diff 0 bps)
  • OK: base_to_quote quote: amountOut 642993 > minimumAmountOut 636563 (expected vs min are distinct)
  • OK: base_to_quote: min = amountOut × (1 − 1%) = 636563 (slippage applied as 100 bps)
  • OK: base_to_quote: input mint is base; inputDecimals 9
  tx DAMM swap base_to_quote 250000: 3kTmzHNPHr935viwqZUtUiv9JRaL4LG3xaYgkgAqEhEdzq2LD44Qrv2WetbsFHeNcS7sCNohmAi88CnsytjbyiFx 
     https://explorer.solana.com/tx/3kTmzHNPHr935viwqZUtUiv9JRaL4LG3xaYgkgAqEhEdzq2LD44Qrv2WetbsFHeNcS7sCNohmAi88CnsytjbyiFx?cluster=custom&customUrl=http%3A%2F%2F127.0.0.1%3A8899
  • base_to_quote: in 250000 → out 0.642993 (quoted 0.642993, min 0.636563)
  • OK: base_to_quote: spent exactly amountIn 250000000000000
  • OK: base_to_quote: received ≥ minimumAmountOut
  • OK: base_to_quote: received within 1% of quoted amountOut (diff 0 bps)
  • partner DAMM positions: 1 (EUrEdy… feeA 0 feeB 129275)
  • creator DAMM positions: 0
  • OK: partner holds migration position(s)
  tx claimPositionFee2 (partner position EUrEdy…): 5nK1kSrNyyANnbeLqUcCV5AVg1XDWLy3vawYhbThJ4Y4F1RswiNgCNU9Pviy5LfZYGJ7pZRGB8anKhQbBU8wYvYr 
     https://explorer.solana.com/tx/5nK1kSrNyyANnbeLqUcCV5AVg1XDWLy3vawYhbThJ4Y4F1RswiNgCNU9Pviy5LfZYGJ7pZRGB8anKhQbBU8wYvYr?cluster=custom&customUrl=http%3A%2F%2F127.0.0.1%3A8899
  • claimed: quote 0.129275, base 0
  • OK: position fee claim transferred fees to holder
  • OK: UI "pending fees" before claim (quote 129275, base 0) = amounts actually claimed
  → PASS

=== [S9] DAMM v2 on SB (token-2022 base): resolve, quote + swap both directions, position fee claim
  • OK: resolveDammPoolAddress → Gj3eRhvm7k6AYyqitgrsiaQkiMsyEq64LjjUWae2gfu2 exists=true (derived)
  • mint sort: base > quote; pool tokenA=base (9 dec), tokenB=quote (6 dec)
  tokenA: F8CxsmMMVPeCK89R7Q925JNn9bEgFPmpDb6eBr4nzwHT
  tokenB: Entdo3TrjdeCCVAMXHeNKBEfyuSnLVdeCKqeo7fdpUfh
  • OK: quote_to_base quote: amountOut 6018221160863377 > minimumAmountOut 5958038949254743 (expected vs min are distinct)
  • OK: quote_to_base: min = amountOut × (1 − 1%) = 5958038949254743 (slippage applied as 100 bps)
  • OK: quote_to_base: input mint is quote; inputDecimals 6
  tx DAMM swap quote_to_base 15.5: 4KEJY2g4X4mHqih35aVEENL4Grx6yC1ZmquCQAFvWpd1ujgcyxnqa41y2hwETE7ig7d5HjzrYAfsKVvKW2PGQ47r 
     https://explorer.solana.com/tx/4KEJY2g4X4mHqih35aVEENL4Grx6yC1ZmquCQAFvWpd1ujgcyxnqa41y2hwETE7ig7d5HjzrYAfsKVvKW2PGQ47r?cluster=custom&customUrl=http%3A%2F%2F127.0.0.1%3A8899
  • quote_to_base: in 15.5 → out 6018221.160863377 (quoted 6018221.160863377, min 5958038.949254743)
  • OK: quote_to_base: spent exactly amountIn 15500000
  • OK: quote_to_base: received ≥ minimumAmountOut
  • OK: quote_to_base: received within 1% of quoted amountOut (diff 0 bps)
  • OK: base_to_quote quote: amountOut 642993 > minimumAmountOut 636563 (expected vs min are distinct)
  • OK: base_to_quote: min = amountOut × (1 − 1%) = 636563 (slippage applied as 100 bps)
  • OK: base_to_quote: input mint is base; inputDecimals 9
  tx DAMM swap base_to_quote 250000: 5ZAPJ9SJEG9cbnwKup62hvvBcqWDVgKhitPwWciwvXxgyiCBZmhfUPKeASdmK6CChGAMpdWBiP8nmmkbV25SuoPV 
     https://explorer.solana.com/tx/5ZAPJ9SJEG9cbnwKup62hvvBcqWDVgKhitPwWciwvXxgyiCBZmhfUPKeASdmK6CChGAMpdWBiP8nmmkbV25SuoPV?cluster=custom&customUrl=http%3A%2F%2F127.0.0.1%3A8899
  • base_to_quote: in 250000 → out 0.642993 (quoted 0.642993, min 0.636563)
  • OK: base_to_quote: spent exactly amountIn 250000000000000
  • OK: base_to_quote: received ≥ minimumAmountOut
  • OK: base_to_quote: received within 1% of quoted amountOut (diff 0 bps)
  • partner DAMM positions: 1 (Gf3442… feeA 0 feeB 129275)
  • creator DAMM positions: 0
  • OK: partner holds migration position(s)
  tx claimPositionFee2 (partner position Gf3442…): 3PjJGr5q8gZr6nsWCMRfU88pEirgGMQ4F7QSGP1q5xVbrEUisUJHL2s6tLQMKu5tgvwiyri8xtTNv78bcLad2Bdn 
     https://explorer.solana.com/tx/3PjJGr5q8gZr6nsWCMRfU88pEirgGMQ4F7QSGP1q5xVbrEUisUJHL2s6tLQMKu5tgvwiyri8xtTNv78bcLad2Bdn?cluster=custom&customUrl=http%3A%2F%2F127.0.0.1%3A8899
  • claimed: quote 0.129275, base 0
  • OK: position fee claim transferred fees to holder
  • OK: UI "pending fees" before claim (quote 129275, base 0) = amounts actually claimed
  → PASS

=== [S9] DAMM v2 custom pool with tokenA = quote, tokenB = base (reverse token order): app quote + swap both directions
  tx fixture: createCustomPool (tokenA = stand-in quote) — test setup, not an app path: 3a4FToL4G4BHxR3FZTEjocnvrtwgcoRF3MJhcphFZj99d9BfEdWTLn3SiA3LUcX6JzU7rnv6NuDgPpiqwMiRUMJ6 
     https://explorer.solana.com/tx/3a4FToL4G4BHxR3FZTEjocnvrtwgcoRF3MJhcphFZj99d9BfEdWTLn3SiA3LUcX6JzU7rnv6NuDgPpiqwMiRUMJ6?cluster=custom&customUrl=http%3A%2F%2F127.0.0.1%3A8899
  customDammPool: 5sQteacQBEsAgp7TrMVTkQARUyQjHWsaG9ZT6GedBbvB
  • OK: pool tokenA = quote (6 dec), tokenB = base (9 dec)
  • OK: quote_to_base: input = quote (inputDecimals 6, outputDecimals 9)
  tx DAMM swap quote_to_base 1.25 (tokenA=quote pool): woMWr5LwPTfM4yuRx6fUJuN4eRDx3tZh1ytWcZfKFJhZojdEa43fZ9M2kP8msuYoxtCSKpcEF9gakxunS7Y1W3N 
     https://explorer.solana.com/tx/woMWr5LwPTfM4yuRx6fUJuN4eRDx3tZh1ytWcZfKFJhZojdEa43fZ9M2kP8msuYoxtCSKpcEF9gakxunS7Y1W3N?cluster=custom&customUrl=http%3A%2F%2F127.0.0.1%3A8899
  • quote_to_base: in 1.25 → out 582350.087599186 (quoted 582350.087599186, min 576526.586723194)
  • OK: quote_to_base: spent exactly amountIn
  • OK: quote_to_base: minimumAmountOut ≤ received ≤ amountOut
  • OK: base_to_quote: input = base (inputDecimals 9, outputDecimals 6)
  tx DAMM swap base_to_quote 100000 (tokenA=quote pool): 2RPWiB8eJnXjuLL7km29mGwePnrNtVxnCTQGinYifbpN9txspkuYLQuLcmT3tmsQ4FTpkMj7T8S5bKzdxuyhvpYb 
     https://explorer.solana.com/tx/2RPWiB8eJnXjuLL7km29mGwePnrNtVxnCTQGinYifbpN9txspkuYLQuLcmT3tmsQ4FTpkMj7T8S5bKzdxuyhvpYb?cluster=custom&customUrl=http%3A%2F%2F127.0.0.1%3A8899
  • base_to_quote: in 100000 → out 0.221173 (quoted 0.221173, min 0.218961)
  • OK: base_to_quote: spent exactly amountIn
  • OK: base_to_quote: minimumAmountOut ≤ received ≤ amountOut
  → PASS

=== [S10] Expired blockhash → mapped failure (never success)
  • blockhash DFZCZ1T3ec5HMLtd3bLXPxQAGj3d5NNPTs3XmqduF9Qr (captured at setup) is no longer valid
  • surfaced: kind=blockhash_expired "Transaction expired before it confirmed (blockhash too old). Nothing was charged if it didn't land — check your wallet activity, then retry."
  • OK: mapped as blockhash_expired (blockhash_expired)
  • dropped tx after 64s: code=TX_EXPIRED "Transaction 11111111… was not confirmed before its blockhash expired. It may not have landed — check the explorer before retrying."
  • OK: dropped tx → TX_EXPIRED (blockhash window elapsed)
  → PASS

=== [S10] Insufficient funds → mapped failure
  brokeWallet: 9RSzXYX51tWDKtgeJQSCuQLtrqXfmdFrxXRRtvkGvuvX
  • surfaced: kind=insufficient_funds "Insufficient funds: your wallet needs more SOL (fees + rent) for this transaction."
  • OK: mapped as insufficient_funds (insufficient_funds)
  → PASS

=== [S10] Degraded RPC (bad URL) → unknown / rpc unavailable, never 0% or complete
  • OK: lookupPoolOnChain → rpc_unavailable
  • OK: graduation view with no read → unknown (Status unknown)
  • OK: verifyDammV2Pool → rpc_unavailable
  • explore offering after bad-RPC enrichment: verification=rpc_unavailable, status=complete, quoteProgress=null
  • OK: explore verification = rpc_unavailable
  • OK: explore progress not 0% (null)
  • OK: card status shown = unknown (stored registry status "complete" is not echoed as complete)
  → PASS

######## SUMMARY (localnet)
setup: pass
S1: pass
S4: pass, pass, pass
S2: pass, pass
S3: skipped
S5: pass
S6: pass, pass, pass, pass
S7: pass, pass
S8: pass, pass
S6/S10: pass
S9: pass, pass, pass
S10: pass, pass, pass
No failed steps.
